2025-12-13T04:40:55.997601Z [twisted.internet.base#info] Received SIGTERM, shutting down.
2025-12-13T04:40:55.999504Z [-] (TCP Port 23 Closed)
2025-12-13T04:40:56.000230Z [cowrie.telnet.factory.HoneyPotTelnetFactory#info] Stopping factory <cowrie.telnet.factory.HoneyPotTelnetFactory object at 0x7f1815868440>
2025-12-13T04:40:56.001148Z [-] (TCP Port 22 Closed)
2025-12-13T04:40:56.001593Z [cowrie.ssh.factory.CowrieSSHFactory#info] Stopping factory <cowrie.ssh.factory.CowrieSSHFactory object at 0x7f1815993a10>
2025-12-13T04:40:56.002215Z [twisted.internet.base#info] Main loop terminated.
2025-12-13T04:40:56.021245Z [twisted.scripts._twistd_unix.UnixAppLogger#info] Server Shut Down.
2025-12-13T04:43:43.356684Z [-] Reading configuration from ['/home/kali/Desktop/FireZWall-Adaptive-Firewall-FYP-Project/cowrie/etc/cowrie.cfg.dist', '/home/kali/Desktop/FireZWall-Adaptive-Firewall-FYP-Project/cowrie/etc/cowrie.cfg']
2025-12-13T04:43:44.181362Z [-] Python Version 3.13.7 (main, Aug 20 2025, 22:17:40) [GCC 14.3.0]
2025-12-13T04:43:44.181446Z [-] Twisted Version 25.5.0
2025-12-13T04:43:44.181475Z [-] Cowrie Version 2.8.1
2025-12-13T04:43:44.181500Z [-] Sensor UUID: 1d1b53c6-b871-11f0-9214-000c2997816a
2025-12-13T04:43:44.185691Z [-] Loaded output engine: jsonlog
2025-12-13T04:43:44.190990Z [twisted.scripts._twistd_unix.UnixAppLogger#info] twistd 25.5.0 (/home/kali/Desktop/FireZWall-Adaptive-Firewall-FYP-Project/.venv/bin/python3 3.13.7) starting up.
2025-12-13T04:43:44.191468Z [twisted.scripts._twistd_unix.UnixAppLogger#info] reactor class: twisted.internet.epollreactor.EPollReactor.
2025-12-13T04:43:44.209082Z [-] CowrieSSHFactory starting on 22
2025-12-13T04:43:44.211835Z [cowrie.ssh.factory.CowrieSSHFactory#info] Starting factory <cowrie.ssh.factory.CowrieSSHFactory object at 0x7fe98a84fa10>
2025-12-13T04:43:44.420599Z [-] Ready to accept SSH connections
2025-12-13T04:43:44.422771Z [-] HoneyPotTelnetFactory starting on 23
2025-12-13T04:43:44.423336Z [cowrie.telnet.factory.HoneyPotTelnetFactory#info] Starting factory <cowrie.telnet.factory.HoneyPotTelnetFactory object at 0x7fe98a728440>
2025-12-13T04:43:44.423930Z [-] Ready to accept Telnet connections
2025-12-13T04:45:56.980359Z [twisted.internet.base#info] Received SIGTERM, shutting down.
2025-12-13T04:45:56.982212Z [-] (TCP Port 23 Closed)
2025-12-13T04:45:56.983016Z [cowrie.telnet.factory.HoneyPotTelnetFactory#info] Stopping factory <cowrie.telnet.factory.HoneyPotTelnetFactory object at 0x7fe98a728440>
2025-12-13T04:45:56.983636Z [-] (TCP Port 22 Closed)
2025-12-13T04:45:56.984058Z [cowrie.ssh.factory.CowrieSSHFactory#info] Stopping factory <cowrie.ssh.factory.CowrieSSHFactory object at 0x7fe98a84fa10>
2025-12-13T04:45:56.984564Z [twisted.internet.base#info] Main loop terminated.
2025-12-13T04:45:56.985396Z [twisted.scripts._twistd_unix.UnixAppLogger#info] Server Shut Down.
2025-12-13T04:46:22.782868Z [-] Reading configuration from ['/home/kali/Desktop/FireZWall-Adaptive-Firewall-FYP-Project/cowrie/etc/cowrie.cfg.dist', '/home/kali/Desktop/FireZWall-Adaptive-Firewall-FYP-Project/cowrie/etc/cowrie.cfg']
2025-12-13T04:46:23.194546Z [-] Python Version 3.13.7 (main, Aug 20 2025, 22:17:40) [GCC 14.3.0]
2025-12-13T04:46:23.194623Z [-] Twisted Version 25.5.0
2025-12-13T04:46:23.194648Z [-] Cowrie Version 2.8.1
2025-12-13T04:46:23.194664Z [-] Sensor UUID: 1d1b53c6-b871-11f0-9214-000c2997816a
2025-12-13T04:46:23.197660Z [-] Loaded output engine: jsonlog
2025-12-13T04:46:23.201028Z [twisted.scripts._twistd_unix.UnixAppLogger#info] twistd 25.5.0 (/home/kali/Desktop/FireZWall-Adaptive-Firewall-FYP-Project/.venv/bin/python3 3.13.7) starting up.
2025-12-13T04:46:23.201344Z [twisted.scripts._twistd_unix.UnixAppLogger#info] reactor class: twisted.internet.epollreactor.EPollReactor.
2025-12-13T04:46:23.213613Z [-] CowrieSSHFactory starting on 22
2025-12-13T04:46:23.215131Z [cowrie.ssh.factory.CowrieSSHFactory#info] Starting factory <cowrie.ssh.factory.CowrieSSHFactory object at 0x7f471a06fa10>
2025-12-13T04:46:23.373183Z [-] Ready to accept SSH connections
2025-12-13T04:46:23.374980Z [-] HoneyPotTelnetFactory starting on 23
2025-12-13T04:46:23.375437Z [cowrie.telnet.factory.HoneyPotTelnetFactory#info] Starting factory <cowrie.telnet.factory.HoneyPotTelnetFactory object at 0x7f4719f48440>
2025-12-13T04:46:23.376083Z [-] Ready to accept Telnet connections
2025-12-13T04:59:23.787726Z [twisted.internet.base#info] Received SIGTERM, shutting down.
2025-12-13T04:59:23.789905Z [-] (TCP Port 23 Closed)
2025-12-13T04:59:23.790523Z [cowrie.telnet.factory.HoneyPotTelnetFactory#info] Stopping factory <cowrie.telnet.factory.HoneyPotTelnetFactory object at 0x7f4719f48440>
2025-12-13T04:59:23.791057Z [-] (TCP Port 22 Closed)
2025-12-13T04:59:23.791540Z [cowrie.ssh.factory.CowrieSSHFactory#info] Stopping factory <cowrie.ssh.factory.CowrieSSHFactory object at 0x7f471a06fa10>
2025-12-13T04:59:23.792258Z [twisted.internet.base#info] Main loop terminated.
2025-12-13T04:59:23.793276Z [twisted.scripts._twistd_unix.UnixAppLogger#info] Server Shut Down.
2025-12-13T04:59:57.071746Z [-] Reading configuration from ['/home/kali/Desktop/FireZWall-Adaptive-Firewall-FYP-Project/cowrie/etc/cowrie.cfg.dist', '/home/kali/Desktop/FireZWall-Adaptive-Firewall-FYP-Project/cowrie/etc/cowrie.cfg']
2025-12-13T04:59:57.472310Z [-] Python Version 3.13.7 (main, Aug 20 2025, 22:17:40) [GCC 14.3.0]
2025-12-13T04:59:57.472400Z [-] Twisted Version 25.5.0
2025-12-13T04:59:57.472432Z [-] Cowrie Version 2.8.1
2025-12-13T04:59:57.472453Z [-] Sensor UUID: 1d1b53c6-b871-11f0-9214-000c2997816a
2025-12-13T04:59:57.475427Z [-] Loaded output engine: jsonlog
2025-12-13T04:59:57.478495Z [twisted.scripts._twistd_unix.UnixAppLogger#info] twistd 25.5.0 (/home/kali/Desktop/FireZWall-Adaptive-Firewall-FYP-Project/.venv/bin/python3 3.13.7) starting up.
2025-12-13T04:59:57.478823Z [twisted.scripts._twistd_unix.UnixAppLogger#info] reactor class: twisted.internet.epollreactor.EPollReactor.
2025-12-13T04:59:57.491358Z [-] CowrieSSHFactory starting on 22
2025-12-13T04:59:57.492888Z [cowrie.ssh.factory.CowrieSSHFactory#info] Starting factory <cowrie.ssh.factory.CowrieSSHFactory object at 0x7f2532197a10>
2025-12-13T04:59:57.647763Z [-] Ready to accept SSH connections
2025-12-13T04:59:57.649225Z [-] HoneyPotTelnetFactory starting on 23
2025-12-13T04:59:57.649605Z [cowrie.telnet.factory.HoneyPotTelnetFactory#info] Starting factory <cowrie.telnet.factory.HoneyPotTelnetFactory object at 0x7f253206c440>
2025-12-13T04:59:57.650195Z [-] Ready to accept Telnet connections
2025-12-13T05:06:48.445107Z [twisted.internet.base#info] Received SIGTERM, shutting down.
2025-12-13T05:06:48.446470Z [-] (TCP Port 23 Closed)
2025-12-13T05:06:48.446986Z [cowrie.telnet.factory.HoneyPotTelnetFactory#info] Stopping factory <cowrie.telnet.factory.HoneyPotTelnetFactory object at 0x7f253206c440>
2025-12-13T05:06:48.447427Z [-] (TCP Port 22 Closed)
2025-12-13T05:06:48.447685Z [cowrie.ssh.factory.CowrieSSHFactory#info] Stopping factory <cowrie.ssh.factory.CowrieSSHFactory object at 0x7f2532197a10>
2025-12-13T05:06:48.448166Z [twisted.internet.base#info] Main loop terminated.
2025-12-13T05:06:48.448676Z [twisted.scripts._twistd_unix.UnixAppLogger#info] Server Shut Down.
